[I 2026-09-27 08:44:58,581] A new study created in RDB with name: tabular_shape
[I 2026-09-27 08:44:59,086] Trial 0 finished with value: 0.883516081309472 and parameters: {'recipe': 'control'}. Best is trial 0 with value: 0.883516081309472.
/beegfs/home/m.persiyanov/codex_runs/tram-portfolio-20260926/tabpfn_deps/tabpfn/model/loading.py:651: UserWarning: Environment variable TORCH_FORCE_NO_WEIGHTS_ONLY_LOAD detected, since the`weights_only` argument was not explicitly passed to `torch.load`, forcing weights_only=False.
  checkpoint = torch.load(path, map_location="cpu", weights_only=None)
/beegfs/home/m.persiyanov/codex_runs/tram-portfolio-20260926/tabpfn_deps/sklearn/preprocessing/_encoders.py:246: UserWarning: Found unknown categories in columns [4, 5] during transform. These unknown categories will be encoded as all zeros
  warnings.warn(
/beegfs/home/m.persiyanov/codex_runs/tram-portfolio-20260926/tabpfn_deps/sklearn/preprocessing/_encoders.py:246: UserWarning: Found unknown categories in columns [4, 5] during transform. These unknown categories will be encoded as all zeros
  warnings.warn(
/beegfs/home/m.persiyanov/codex_runs/tram-portfolio-20260926/tabpfn_deps/tabpfn/model/loading.py:651: UserWarning: Environment variable TORCH_FORCE_NO_WEIGHTS_ONLY_LOAD detected, since the`weights_only` argument was not explicitly passed to `torch.load`, forcing weights_only=False.
  checkpoint = torch.load(path, map_location="cpu", weights_only=None)
/beegfs/home/m.persiyanov/codex_runs/tram-portfolio-20260926/tabpfn_deps/sklearn/preprocessing/_encoders.py:246: UserWarning: Found unknown categories in columns [4, 5] during transform. These unknown categories will be encoded as all zeros
  warnings.warn(
/beegfs/home/m.persiyanov/codex_runs/tram-portfolio-20260926/tabpfn_deps/sklearn/preprocessing/_encoders.py:246: UserWarning: Found unknown categories in columns [4, 5] during transform. These unknown categories will be encoded as all zeros
  warnings.warn(
/beegfs/home/m.persiyanov/codex_runs/tram-portfolio-20260926/tabpfn_deps/tabpfn/model/loading.py:651: UserWarning: Environment variable TORCH_FORCE_NO_WEIGHTS_ONLY_LOAD detected, since the`weights_only` argument was not explicitly passed to `torch.load`, forcing weights_only=False.
  checkpoint = torch.load(path, map_location="cpu", weights_only=None)
/beegfs/home/m.persiyanov/codex_runs/tram-portfolio-20260926/tabpfn_deps/sklearn/preprocessing/_encoders.py:246: UserWarning: Found unknown categories in columns [4, 5] during transform. These unknown categories will be encoded as all zeros
  warnings.warn(
/beegfs/home/m.persiyanov/codex_runs/tram-portfolio-20260926/tabpfn_deps/sklearn/preprocessing/_encoders.py:246: UserWarning: Found unknown categories in columns [4, 5] during transform. These unknown categories will be encoded as all zeros
  warnings.warn(
/beegfs/home/m.persiyanov/codex_runs/tram-portfolio-20260926/tabpfn_deps/tabpfn/model/loading.py:651: UserWarning: Environment variable TORCH_FORCE_NO_WEIGHTS_ONLY_LOAD detected, since the`weights_only` argument was not explicitly passed to `torch.load`, forcing weights_only=False.
  checkpoint = torch.load(path, map_location="cpu", weights_only=None)
/beegfs/home/m.persiyanov/codex_runs/tram-portfolio-20260926/tabpfn_deps/sklearn/preprocessing/_encoders.py:246: UserWarning: Found unknown categories in columns [4, 5] during transform. These unknown categories will be encoded as all zeros
  warnings.warn(
/beegfs/home/m.persiyanov/codex_runs/tram-portfolio-20260926/tabpfn_deps/sklearn/preprocessing/_encoders.py:246: UserWarning: Found unknown categories in columns [4, 5] during transform. These unknown categories will be encoded as all zeros
  warnings.warn(
/beegfs/home/m.persiyanov/codex_runs/tram-portfolio-20260926/tabpfn_deps/tabpfn/model/loading.py:651: UserWarning: Environment variable TORCH_FORCE_NO_WEIGHTS_ONLY_LOAD detected, since the`weights_only` argument was not explicitly passed to `torch.load`, forcing weights_only=False.
  checkpoint = torch.load(path, map_location="cpu", weights_only=None)
/beegfs/home/m.persiyanov/codex_runs/tram-portfolio-20260926/tabpfn_deps/sklearn/preprocessing/_encoders.py:246: UserWarning: Found unknown categories in columns [4, 5] during transform. These unknown categories will be encoded as all zeros
  warnings.warn(
/beegfs/home/m.persiyanov/codex_runs/tram-portfolio-20260926/tabpfn_deps/sklearn/preprocessing/_encoders.py:246: UserWarning: Found unknown categories in columns [4, 5] during transform. These unknown categories will be encoded as all zeros
  warnings.warn(
/beegfs/home/m.persiyanov/codex_runs/tram-portfolio-20260926/tabpfn_deps/tabpfn/model/loading.py:651: UserWarning: Environment variable TORCH_FORCE_NO_WEIGHTS_ONLY_LOAD detected, since the`weights_only` argument was not explicitly passed to `torch.load`, forcing weights_only=False.
  checkpoint = torch.load(path, map_location="cpu", weights_only=None)
/beegfs/home/m.persiyanov/codex_runs/tram-portfolio-20260926/tabpfn_deps/sklearn/preprocessing/_encoders.py:246: UserWarning: Found unknown categories in columns [4, 5] during transform. These unknown categories will be encoded as all zeros
  warnings.warn(
/beegfs/home/m.persiyanov/codex_runs/tram-portfolio-20260926/tabpfn_deps/sklearn/preprocessing/_encoders.py:246: UserWarning: Found unknown categories in columns [4, 5] during transform. These unknown categories will be encoded as all zeros
  warnings.warn(
/beegfs/home/m.persiyanov/codex_runs/tram-portfolio-20260926/tabpfn_deps/tabpfn/model/loading.py:651: UserWarning: Environment variable TORCH_FORCE_NO_WEIGHTS_ONLY_LOAD detected, since the`weights_only` argument was not explicitly passed to `torch.load`, forcing weights_only=False.
  checkpoint = torch.load(path, map_location="cpu", weights_only=None)
/beegfs/home/m.persiyanov/codex_runs/tram-portfolio-20260926/tabpfn_deps/tabpfn/model/loading.py:651: UserWarning: Environment variable TORCH_FORCE_NO_WEIGHTS_ONLY_LOAD detected, since the`weights_only` argument was not explicitly passed to `torch.load`, forcing weights_only=False.
  checkpoint = torch.load(path, map_location="cpu", weights_only=None)
/beegfs/home/m.persiyanov/codex_runs/tram-portfolio-20260926/tabpfn_deps/tabpfn/model/loading.py:651: UserWarning: Environment variable TORCH_FORCE_NO_WEIGHTS_ONLY_LOAD detected, since the`weights_only` argument was not explicitly passed to `torch.load`, forcing weights_only=False.
  checkpoint = torch.load(path, map_location="cpu", weights_only=None)
/beegfs/home/m.persiyanov/codex_runs/tram-portfolio-20260926/tabpfn_deps/tabpfn/model/loading.py:651: UserWarning: Environment variable TORCH_FORCE_NO_WEIGHTS_ONLY_LOAD detected, since the`weights_only` argument was not explicitly passed to `torch.load`, forcing weights_only=False.
  checkpoint = torch.load(path, map_location="cpu", weights_only=None)
/beegfs/home/m.persiyanov/codex_runs/tram-portfolio-20260926/tabpfn_deps/tabpfn/model/loading.py:651: UserWarning: Environment variable TORCH_FORCE_NO_WEIGHTS_ONLY_LOAD detected, since the`weights_only` argument was not explicitly passed to `torch.load`, forcing weights_only=False.
  checkpoint = torch.load(path, map_location="cpu", weights_only=None)
/beegfs/home/m.persiyanov/codex_runs/tram-portfolio-20260926/tabpfn_deps/tabpfn/model/loading.py:651: UserWarning: Environment variable TORCH_FORCE_NO_WEIGHTS_ONLY_LOAD detected, since the`weights_only` argument was not explicitly passed to `torch.load`, forcing weights_only=False.
  checkpoint = torch.load(path, map_location="cpu", weights_only=None)
[I 2026-09-27 08:45:43,579] Trial 1 finished with value: 0.8838978505358797 and parameters: {'recipe': 'half'}. Best is trial 1 with value: 0.8838978505358797.
[I 2026-09-27 08:45:44,235] Trial 2 finished with value: 0.8840879572608873 and parameters: {'recipe': 'new'}. Best is trial 2 with value: 0.8840879572608873.
/beegfs/home/m.persiyanov/codex_runs/tram-portfolio-20260926/tabpfn_deps/tabpfn/model/loading.py:651: UserWarning: Environment variable TORCH_FORCE_NO_WEIGHTS_ONLY_LOAD detected, since the`weights_only` argument was not explicitly passed to `torch.load`, forcing weights_only=False.
  checkpoint = torch.load(path, map_location="cpu", weights_only=None)
/beegfs/home/m.persiyanov/codex_runs/tram-portfolio-20260926/tabpfn_deps/tabpfn/model/loading.py:651: UserWarning: Environment variable TORCH_FORCE_NO_WEIGHTS_ONLY_LOAD detected, since the`weights_only` argument was not explicitly passed to `torch.load`, forcing weights_only=False.
  checkpoint = torch.load(path, map_location="cpu", weights_only=None)
/beegfs/home/m.persiyanov/codex_runs/tram-portfolio-20260926/tabpfn_deps/tabpfn/model/loading.py:651: UserWarning: Environment variable TORCH_FORCE_NO_WEIGHTS_ONLY_LOAD detected, since the`weights_only` argument was not explicitly passed to `torch.load`, forcing weights_only=False.
  checkpoint = torch.load(path, map_location="cpu", weights_only=None)
/beegfs/home/m.persiyanov/codex_runs/tram-portfolio-20260926/tabpfn_deps/tabpfn/model/loading.py:651: UserWarning: Environment variable TORCH_FORCE_NO_WEIGHTS_ONLY_LOAD detected, since the`weights_only` argument was not explicitly passed to `torch.load`, forcing weights_only=False.
  checkpoint = torch.load(path, map_location="cpu", weights_only=None)
/beegfs/home/m.persiyanov/codex_runs/tram-portfolio-20260926/tabpfn_deps/tabpfn/model/loading.py:651: UserWarning: Environment variable TORCH_FORCE_NO_WEIGHTS_ONLY_LOAD detected, since the`weights_only` argument was not explicitly passed to `torch.load`, forcing weights_only=False.
  checkpoint = torch.load(path, map_location="cpu", weights_only=None)
/beegfs/home/m.persiyanov/codex_runs/tram-portfolio-20260926/tabpfn_deps/tabpfn/model/loading.py:651: UserWarning: Environment variable TORCH_FORCE_NO_WEIGHTS_ONLY_LOAD detected, since the`weights_only` argument was not explicitly passed to `torch.load`, forcing weights_only=False.
  checkpoint = torch.load(path, map_location="cpu", weights_only=None)
/beegfs/home/m.persiyanov/codex_runs/tram-portfolio-20260926/tabpfn_deps/tabpfn/model/loading.py:651: UserWarning: Environment variable TORCH_FORCE_NO_WEIGHTS_ONLY_LOAD detected, since the`weights_only` argument was not explicitly passed to `torch.load`, forcing weights_only=False.
  checkpoint = torch.load(path, map_location="cpu", weights_only=None)
/beegfs/home/m.persiyanov/codex_runs/tram-portfolio-20260926/tabpfn_deps/tabpfn/model/loading.py:651: UserWarning: Environment variable TORCH_FORCE_NO_WEIGHTS_ONLY_LOAD detected, since the`weights_only` argument was not explicitly passed to `torch.load`, forcing weights_only=False.
  checkpoint = torch.load(path, map_location="cpu", weights_only=None)
/beegfs/home/m.persiyanov/codex_runs/tram-portfolio-20260926/tabpfn_deps/tabpfn/model/loading.py:651: UserWarning: Environment variable TORCH_FORCE_NO_WEIGHTS_ONLY_LOAD detected, since the`weights_only` argument was not explicitly passed to `torch.load`, forcing weights_only=False.
  checkpoint = torch.load(path, map_location="cpu", weights_only=None)
/beegfs/home/m.persiyanov/codex_runs/tram-portfolio-20260926/tabpfn_deps/tabpfn/model/loading.py:651: UserWarning: Environment variable TORCH_FORCE_NO_WEIGHTS_ONLY_LOAD detected, since the`weights_only` argument was not explicitly passed to `torch.load`, forcing weights_only=False.
  checkpoint = torch.load(path, map_location="cpu", weights_only=None)
/beegfs/home/m.persiyanov/codex_runs/tram-portfolio-20260926/tabpfn_deps/tabpfn/model/loading.py:651: UserWarning: Environment variable TORCH_FORCE_NO_WEIGHTS_ONLY_LOAD detected, since the`weights_only` argument was not explicitly passed to `torch.load`, forcing weights_only=False.
  checkpoint = torch.load(path, map_location="cpu", weights_only=None)
/beegfs/home/m.persiyanov/codex_runs/tram-portfolio-20260926/tabpfn_deps/tabpfn/model/loading.py:651: UserWarning: Environment variable TORCH_FORCE_NO_WEIGHTS_ONLY_LOAD detected, since the`weights_only` argument was not explicitly passed to `torch.load`, forcing weights_only=False.
  checkpoint = torch.load(path, map_location="cpu", weights_only=None)
/beegfs/home/m.persiyanov/codex_runs/tram-portfolio-20260926/tabpfn_deps/tabpfn/model/loading.py:651: UserWarning: Environment variable TORCH_FORCE_NO_WEIGHTS_ONLY_LOAD detected, since the`weights_only` argument was not explicitly passed to `torch.load`, forcing weights_only=False.
  checkpoint = torch.load(path, map_location="cpu", weights_only=None)
/beegfs/home/m.persiyanov/codex_runs/tram-portfolio-20260926/tabpfn_deps/tabpfn/model/loading.py:651: UserWarning: Environment variable TORCH_FORCE_NO_WEIGHTS_ONLY_LOAD detected, since the`weights_only` argument was not explicitly passed to `torch.load`, forcing weights_only=False.
  checkpoint = torch.load(path, map_location="cpu", weights_only=None)
/beegfs/home/m.persiyanov/codex_runs/tram-portfolio-20260926/tabpfn_deps/tabpfn/model/loading.py:651: UserWarning: Environment variable TORCH_FORCE_NO_WEIGHTS_ONLY_LOAD detected, since the`weights_only` argument was not explicitly passed to `torch.load`, forcing weights_only=False.
  checkpoint = torch.load(path, map_location="cpu", weights_only=None)
/beegfs/home/m.persiyanov/codex_runs/tram-portfolio-20260926/tabpfn_deps/tabpfn/model/loading.py:651: UserWarning: Environment variable TORCH_FORCE_NO_WEIGHTS_ONLY_LOAD detected, since the`weights_only` argument was not explicitly passed to `torch.load`, forcing weights_only=False.
  checkpoint = torch.load(path, map_location="cpu", weights_only=None)
/beegfs/home/m.persiyanov/codex_runs/tram-portfolio-20260926/tabpfn_deps/tabpfn/model/loading.py:651: UserWarning: Environment variable TORCH_FORCE_NO_WEIGHTS_ONLY_LOAD detected, since the`weights_only` argument was not explicitly passed to `torch.load`, forcing weights_only=False.
  checkpoint = torch.load(path, map_location="cpu", weights_only=None)
/beegfs/home/m.persiyanov/codex_runs/tram-portfolio-20260926/tabpfn_deps/tabpfn/model/loading.py:651: UserWarning: Environment variable TORCH_FORCE_NO_WEIGHTS_ONLY_LOAD detected, since the`weights_only` argument was not explicitly passed to `torch.load`, forcing weights_only=False.
  checkpoint = torch.load(path, map_location="cpu", weights_only=None)
tabular_shape {'recipe': 'new'} [0.8845925763271129, 0.8835833381946617, 0.8855484375501503, 0.8995918837339524]
/beegfs/home/m.persiyanov/codex_runs/tram-portfolio-20260926/tabpfn_deps/tabpfn/model/loading.py:651: UserWarning: Environment variable TORCH_FORCE_NO_WEIGHTS_ONLY_LOAD detected, since the`weights_only` argument was not explicitly passed to `torch.load`, forcing weights_only=False.
  checkpoint = torch.load(path, map_location="cpu", weights_only=None)
/beegfs/home/m.persiyanov/codex_runs/tram-portfolio-20260926/tabpfn_deps/sklearn/preprocessing/_encoders.py:246: UserWarning: Found unknown categories in columns [4, 5] during transform. These unknown categories will be encoded as all zeros
  warnings.warn(
/beegfs/home/m.persiyanov/codex_runs/tram-portfolio-20260926/tabpfn_deps/sklearn/preprocessing/_encoders.py:246: UserWarning: Found unknown categories in columns [4, 5] during transform. These unknown categories will be encoded as all zeros
  warnings.warn(
/beegfs/home/m.persiyanov/codex_runs/tram-portfolio-20260926/tabpfn_deps/tabpfn/model/loading.py:651: UserWarning: Environment variable TORCH_FORCE_NO_WEIGHTS_ONLY_LOAD detected, since the`weights_only` argument was not explicitly passed to `torch.load`, forcing weights_only=False.
  checkpoint = torch.load(path, map_location="cpu", weights_only=None)
/beegfs/home/m.persiyanov/codex_runs/tram-portfolio-20260926/tabpfn_deps/sklearn/preprocessing/_encoders.py:246: UserWarning: Found unknown categories in columns [4, 5] during transform. These unknown categories will be encoded as all zeros
  warnings.warn(
/beegfs/home/m.persiyanov/codex_runs/tram-portfolio-20260926/tabpfn_deps/sklearn/preprocessing/_encoders.py:246: UserWarning: Found unknown categories in columns [4, 5] during transform. These unknown categories will be encoded as all zeros
  warnings.warn(
/beegfs/home/m.persiyanov/codex_runs/tram-portfolio-20260926/tabpfn_deps/tabpfn/model/loading.py:651: UserWarning: Environment variable TORCH_FORCE_NO_WEIGHTS_ONLY_LOAD detected, since the`weights_only` argument was not explicitly passed to `torch.load`, forcing weights_only=False.
  checkpoint = torch.load(path, map_location="cpu", weights_only=None)
/beegfs/home/m.persiyanov/codex_runs/tram-portfolio-20260926/tabpfn_deps/sklearn/preprocessing/_encoders.py:246: UserWarning: Found unknown categories in columns [4, 5] during transform. These unknown categories will be encoded as all zeros
  warnings.warn(
/beegfs/home/m.persiyanov/codex_runs/tram-portfolio-20260926/tabpfn_deps/sklearn/preprocessing/_encoders.py:246: UserWarning: Found unknown categories in columns [4, 5] during transform. These unknown categories will be encoded as all zeros
  warnings.warn(
/beegfs/home/m.persiyanov/codex_runs/tram-portfolio-20260926/tabpfn_deps/tabpfn/model/loading.py:651: UserWarning: Environment variable TORCH_FORCE_NO_WEIGHTS_ONLY_LOAD detected, since the`weights_only` argument was not explicitly passed to `torch.load`, forcing weights_only=False.
  checkpoint = torch.load(path, map_location="cpu", weights_only=None)
/beegfs/home/m.persiyanov/codex_runs/tram-portfolio-20260926/tabpfn_deps/sklearn/preprocessing/_encoders.py:246: UserWarning: Found unknown categories in columns [4, 5] during transform. These unknown categories will be encoded as all zeros
  warnings.warn(
/beegfs/home/m.persiyanov/codex_runs/tram-portfolio-20260926/tabpfn_deps/sklearn/preprocessing/_encoders.py:246: UserWarning: Found unknown categories in columns [4, 5] during transform. These unknown categories will be encoded as all zeros
  warnings.warn(
/beegfs/home/m.persiyanov/codex_runs/tram-portfolio-20260926/tabpfn_deps/tabpfn/model/loading.py:651: UserWarning: Environment variable TORCH_FORCE_NO_WEIGHTS_ONLY_LOAD detected, since the`weights_only` argument was not explicitly passed to `torch.load`, forcing weights_only=False.
  checkpoint = torch.load(path, map_location="cpu", weights_only=None)
/beegfs/home/m.persiyanov/codex_runs/tram-portfolio-20260926/tabpfn_deps/sklearn/preprocessing/_encoders.py:246: UserWarning: Found unknown categories in columns [4, 5] during transform. These unknown categories will be encoded as all zeros
  warnings.warn(
/beegfs/home/m.persiyanov/codex_runs/tram-portfolio-20260926/tabpfn_deps/sklearn/preprocessing/_encoders.py:246: UserWarning: Found unknown categories in columns [4, 5] during transform. These unknown categories will be encoded as all zeros
  warnings.warn(
/beegfs/home/m.persiyanov/codex_runs/tram-portfolio-20260926/tabpfn_deps/tabpfn/model/loading.py:651: UserWarning: Environment variable TORCH_FORCE_NO_WEIGHTS_ONLY_LOAD detected, since the`weights_only` argument was not explicitly passed to `torch.load`, forcing weights_only=False.
  checkpoint = torch.load(path, map_location="cpu", weights_only=None)
/beegfs/home/m.persiyanov/codex_runs/tram-portfolio-20260926/tabpfn_deps/sklearn/preprocessing/_encoders.py:246: UserWarning: Found unknown categories in columns [4, 5] during transform. These unknown categories will be encoded as all zeros
  warnings.warn(
/beegfs/home/m.persiyanov/codex_runs/tram-portfolio-20260926/tabpfn_deps/sklearn/preprocessing/_encoders.py:246: UserWarning: Found unknown categories in columns [4, 5] during transform. These unknown categories will be encoded as all zeros
  warnings.warn(
/beegfs/home/m.persiyanov/codex_runs/tram-portfolio-20260926/tabpfn_deps/tabpfn/model/loading.py:651: UserWarning: Environment variable TORCH_FORCE_NO_WEIGHTS_ONLY_LOAD detected, since the`weights_only` argument was not explicitly passed to `torch.load`, forcing weights_only=False.
  checkpoint = torch.load(path, map_location="cpu", weights_only=None)
/beegfs/home/m.persiyanov/codex_runs/tram-portfolio-20260926/tabpfn_deps/tabpfn/model/loading.py:651: UserWarning: Environment variable TORCH_FORCE_NO_WEIGHTS_ONLY_LOAD detected, since the`weights_only` argument was not explicitly passed to `torch.load`, forcing weights_only=False.
  checkpoint = torch.load(path, map_location="cpu", weights_only=None)
/beegfs/home/m.persiyanov/codex_runs/tram-portfolio-20260926/tabpfn_deps/tabpfn/model/loading.py:651: UserWarning: Environment variable TORCH_FORCE_NO_WEIGHTS_ONLY_LOAD detected, since the`weights_only` argument was not explicitly passed to `torch.load`, forcing weights_only=False.
  checkpoint = torch.load(path, map_location="cpu", weights_only=None)
/beegfs/home/m.persiyanov/codex_runs/tram-portfolio-20260926/tabpfn_deps/tabpfn/model/loading.py:651: UserWarning: Environment variable TORCH_FORCE_NO_WEIGHTS_ONLY_LOAD detected, since the`weights_only` argument was not explicitly passed to `torch.load`, forcing weights_only=False.
  checkpoint = torch.load(path, map_location="cpu", weights_only=None)
/beegfs/home/m.persiyanov/codex_runs/tram-portfolio-20260926/tabpfn_deps/tabpfn/model/loading.py:651: UserWarning: Environment variable TORCH_FORCE_NO_WEIGHTS_ONLY_LOAD detected, since the`weights_only` argument was not explicitly passed to `torch.load`, forcing weights_only=False.
  checkpoint = torch.load(path, map_location="cpu", weights_only=None)
/beegfs/home/m.persiyanov/codex_runs/tram-portfolio-20260926/tabpfn_deps/tabpfn/model/loading.py:651: UserWarning: Environment variable TORCH_FORCE_NO_WEIGHTS_ONLY_LOAD detected, since the`weights_only` argument was not explicitly passed to `torch.load`, forcing weights_only=False.
  checkpoint = torch.load(path, map_location="cpu", weights_only=None)
/beegfs/home/m.persiyanov/codex_runs/tram-portfolio-20260926/tabpfn_deps/tabpfn/model/loading.py:651: UserWarning: Environment variable TORCH_FORCE_NO_WEIGHTS_ONLY_LOAD detected, since the`weights_only` argument was not explicitly passed to `torch.load`, forcing weights_only=False.
  checkpoint = torch.load(path, map_location="cpu", weights_only=None)
/beegfs/home/m.persiyanov/codex_runs/tram-portfolio-20260926/tabpfn_deps/tabpfn/model/loading.py:651: UserWarning: Environment variable TORCH_FORCE_NO_WEIGHTS_ONLY_LOAD detected, since the`weights_only` argument was not explicitly passed to `torch.load`, forcing weights_only=False.
  checkpoint = torch.load(path, map_location="cpu", weights_only=None)
/beegfs/home/m.persiyanov/codex_runs/tram-portfolio-20260926/tabpfn_deps/tabpfn/model/loading.py:651: UserWarning: Environment variable TORCH_FORCE_NO_WEIGHTS_ONLY_LOAD detected, since the`weights_only` argument was not explicitly passed to `torch.load`, forcing weights_only=False.
  checkpoint = torch.load(path, map_location="cpu", weights_only=None)
/beegfs/home/m.persiyanov/codex_runs/tram-portfolio-20260926/tabpfn_deps/tabpfn/model/loading.py:651: UserWarning: Environment variable TORCH_FORCE_NO_WEIGHTS_ONLY_LOAD detected, since the`weights_only` argument was not explicitly passed to `torch.load`, forcing weights_only=False.
  checkpoint = torch.load(path, map_location="cpu", weights_only=None)
/beegfs/home/m.persiyanov/codex_runs/tram-portfolio-20260926/tabpfn_deps/tabpfn/model/loading.py:651: UserWarning: Environment variable TORCH_FORCE_NO_WEIGHTS_ONLY_LOAD detected, since the`weights_only` argument was not explicitly passed to `torch.load`, forcing weights_only=False.
  checkpoint = torch.load(path, map_location="cpu", weights_only=None)
/beegfs/home/m.persiyanov/codex_runs/tram-portfolio-20260926/tabpfn_deps/tabpfn/model/loading.py:651: UserWarning: Environment variable TORCH_FORCE_NO_WEIGHTS_ONLY_LOAD detected, since the`weights_only` argument was not explicitly passed to `torch.load`, forcing weights_only=False.
  checkpoint = torch.load(path, map_location="cpu", weights_only=None)
/beegfs/home/m.persiyanov/codex_runs/tram-portfolio-20260926/tabpfn_deps/tabpfn/model/loading.py:651: UserWarning: Environment variable TORCH_FORCE_NO_WEIGHTS_ONLY_LOAD detected, since the`weights_only` argument was not explicitly passed to `torch.load`, forcing weights_only=False.
  checkpoint = torch.load(path, map_location="cpu", weights_only=None)
/beegfs/home/m.persiyanov/codex_runs/tram-portfolio-20260926/tabpfn_deps/tabpfn/model/loading.py:651: UserWarning: Environment variable TORCH_FORCE_NO_WEIGHTS_ONLY_LOAD detected, since the`weights_only` argument was not explicitly passed to `torch.load`, forcing weights_only=False.
  checkpoint = torch.load(path, map_location="cpu", weights_only=None)
/beegfs/home/m.persiyanov/codex_runs/tram-portfolio-20260926/tabpfn_deps/tabpfn/model/loading.py:651: UserWarning: Environment variable TORCH_FORCE_NO_WEIGHTS_ONLY_LOAD detected, since the`weights_only` argument was not explicitly passed to `torch.load`, forcing weights_only=False.
  checkpoint = torch.load(path, map_location="cpu", weights_only=None)
/beegfs/home/m.persiyanov/codex_runs/tram-portfolio-20260926/tabpfn_deps/tabpfn/model/loading.py:651: UserWarning: Environment variable TORCH_FORCE_NO_WEIGHTS_ONLY_LOAD detected, since the`weights_only` argument was not explicitly passed to `torch.load`, forcing weights_only=False.
  checkpoint = torch.load(path, map_location="cpu", weights_only=None)
/beegfs/home/m.persiyanov/codex_runs/tram-portfolio-20260926/tabpfn_deps/tabpfn/model/loading.py:651: UserWarning: Environment variable TORCH_FORCE_NO_WEIGHTS_ONLY_LOAD detected, since the`weights_only` argument was not explicitly passed to `torch.load`, forcing weights_only=False.
  checkpoint = torch.load(path, map_location="cpu", weights_only=None)
/beegfs/home/m.persiyanov/codex_runs/tram-portfolio-20260926/tabpfn_deps/tabpfn/model/loading.py:651: UserWarning: Environment variable TORCH_FORCE_NO_WEIGHTS_ONLY_LOAD detected, since the`weights_only` argument was not explicitly passed to `torch.load`, forcing weights_only=False.
  checkpoint = torch.load(path, map_location="cpu", weights_only=None)
/beegfs/home/m.persiyanov/codex_runs/tram-portfolio-20260926/tabpfn_deps/tabpfn/model/loading.py:651: UserWarning: Environment variable TORCH_FORCE_NO_WEIGHTS_ONLY_LOAD detected, since the`weights_only` argument was not explicitly passed to `torch.load`, forcing weights_only=False.
  checkpoint = torch.load(path, map_location="cpu", weights_only=None)
/beegfs/home/m.persiyanov/codex_runs/tram-portfolio-20260926/tabpfn_deps/tabpfn/model/loading.py:651: UserWarning: Environment variable TORCH_FORCE_NO_WEIGHTS_ONLY_LOAD detected, since the`weights_only` argument was not explicitly passed to `torch.load`, forcing weights_only=False.
  checkpoint = torch.load(path, map_location="cpu", weights_only=None)
/beegfs/home/m.persiyanov/codex_runs/tram-portfolio-20260926/tabpfn_deps/tabpfn/model/loading.py:651: UserWarning: Environment variable TORCH_FORCE_NO_WEIGHTS_ONLY_LOAD detected, since the`weights_only` argument was not explicitly passed to `torch.load`, forcing weights_only=False.
  checkpoint = torch.load(path, map_location="cpu", weights_only=None)
/beegfs/home/m.persiyanov/codex_runs/tram-portfolio-20260926/tabpfn_deps/tabpfn/model/loading.py:651: UserWarning: Environment variable TORCH_FORCE_NO_WEIGHTS_ONLY_LOAD detected, since the`weights_only` argument was not explicitly passed to `torch.load`, forcing weights_only=False.
  checkpoint = torch.load(path, map_location="cpu", weights_only=None)
/beegfs/home/m.persiyanov/codex_runs/tram-portfolio-20260926/tabpfn_deps/tabpfn/model/loading.py:651: UserWarning: Environment variable TORCH_FORCE_NO_WEIGHTS_ONLY_LOAD detected, since the`weights_only` argument was not explicitly passed to `torch.load`, forcing weights_only=False.
  checkpoint = torch.load(path, map_location="cpu", weights_only=None)
/beegfs/home/m.persiyanov/codex_runs/tram-portfolio-20260926/tabpfn_deps/tabpfn/model/loading.py:651: UserWarning: Environment variable TORCH_FORCE_NO_WEIGHTS_ONLY_LOAD detected, since the`weights_only` argument was not explicitly passed to `torch.load`, forcing weights_only=False.
  checkpoint = torch.load(path, map_location="cpu", weights_only=None)
