[I 2026-09-27 10:34:45,309] A new study created in RDB with name: adaptive_shape
[I 2026-09-27 10:34:45,797] Trial 0 finished with value: 0.8840879572608873 and parameters: {'recipe': 'control'}. Best is trial 0 with value: 0.8840879572608873.
/beegfs/home/m.persiyanov/codex_runs/tram-portfolio-20260926/tabpfn_deps/tabpfn/model/loading.py:651: UserWarning: Environment variable TORCH_FORCE_NO_WEIGHTS_ONLY_LOAD detected, since the`weights_only` argument was not explicitly passed to `torch.load`, forcing weights_only=False.
  checkpoint = torch.load(path, map_location="cpu", weights_only=None)
/beegfs/home/m.persiyanov/codex_runs/tram-portfolio-20260926/tabpfn_deps/sklearn/preprocessing/_encoders.py:246: UserWarning: Found unknown categories in columns [4, 5] during transform. These unknown categories will be encoded as all zeros
  warnings.warn(
/beegfs/home/m.persiyanov/codex_runs/tram-portfolio-20260926/tabpfn_deps/sklearn/preprocessing/_encoders.py:246: UserWarning: Found unknown categories in columns [4, 5] during transform. These unknown categories will be encoded as all zeros
  warnings.warn(
/beegfs/home/m.persiyanov/codex_runs/tram-portfolio-20260926/tabpfn_deps/tabpfn/model/loading.py:651: UserWarning: Environment variable TORCH_FORCE_NO_WEIGHTS_ONLY_LOAD detected, since the`weights_only` argument was not explicitly passed to `torch.load`, forcing weights_only=False.
  checkpoint = torch.load(path, map_location="cpu", weights_only=None)
/beegfs/home/m.persiyanov/codex_runs/tram-portfolio-20260926/tabpfn_deps/sklearn/preprocessing/_encoders.py:246: UserWarning: Found unknown categories in columns [4, 5] during transform. These unknown categories will be encoded as all zeros
  warnings.warn(
/beegfs/home/m.persiyanov/codex_runs/tram-portfolio-20260926/tabpfn_deps/sklearn/preprocessing/_encoders.py:246: UserWarning: Found unknown categories in columns [4, 5] during transform. These unknown categories will be encoded as all zeros
  warnings.warn(
/beegfs/home/m.persiyanov/codex_runs/tram-portfolio-20260926/tabpfn_deps/tabpfn/model/loading.py:651: UserWarning: Environment variable TORCH_FORCE_NO_WEIGHTS_ONLY_LOAD detected, since the`weights_only` argument was not explicitly passed to `torch.load`, forcing weights_only=False.
  checkpoint = torch.load(path, map_location="cpu", weights_only=None)
/beegfs/home/m.persiyanov/codex_runs/tram-portfolio-20260926/tabpfn_deps/sklearn/preprocessing/_encoders.py:246: UserWarning: Found unknown categories in columns [4, 5] during transform. These unknown categories will be encoded as all zeros
  warnings.warn(
/beegfs/home/m.persiyanov/codex_runs/tram-portfolio-20260926/tabpfn_deps/sklearn/preprocessing/_encoders.py:246: UserWarning: Found unknown categories in columns [4, 5] during transform. These unknown categories will be encoded as all zeros
  warnings.warn(
/beegfs/home/m.persiyanov/codex_runs/tram-portfolio-20260926/tabpfn_deps/tabpfn/model/loading.py:651: UserWarning: Environment variable TORCH_FORCE_NO_WEIGHTS_ONLY_LOAD detected, since the`weights_only` argument was not explicitly passed to `torch.load`, forcing weights_only=False.
  checkpoint = torch.load(path, map_location="cpu", weights_only=None)
/beegfs/home/m.persiyanov/codex_runs/tram-portfolio-20260926/tabpfn_deps/sklearn/preprocessing/_encoders.py:246: UserWarning: Found unknown categories in columns [4, 5] during transform. These unknown categories will be encoded as all zeros
  warnings.warn(
/beegfs/home/m.persiyanov/codex_runs/tram-portfolio-20260926/tabpfn_deps/sklearn/preprocessing/_encoders.py:246: UserWarning: Found unknown categories in columns [4, 5] during transform. These unknown categories will be encoded as all zeros
  warnings.warn(
/beegfs/home/m.persiyanov/codex_runs/tram-portfolio-20260926/tabpfn_deps/tabpfn/model/loading.py:651: UserWarning: Environment variable TORCH_FORCE_NO_WEIGHTS_ONLY_LOAD detected, since the`weights_only` argument was not explicitly passed to `torch.load`, forcing weights_only=False.
  checkpoint = torch.load(path, map_location="cpu", weights_only=None)
/beegfs/home/m.persiyanov/codex_runs/tram-portfolio-20260926/tabpfn_deps/sklearn/preprocessing/_encoders.py:246: UserWarning: Found unknown categories in columns [4, 5] during transform. These unknown categories will be encoded as all zeros
  warnings.warn(
/beegfs/home/m.persiyanov/codex_runs/tram-portfolio-20260926/tabpfn_deps/sklearn/preprocessing/_encoders.py:246: UserWarning: Found unknown categories in columns [4, 5] during transform. These unknown categories will be encoded as all zeros
  warnings.warn(
/beegfs/home/m.persiyanov/codex_runs/tram-portfolio-20260926/tabpfn_deps/tabpfn/model/loading.py:651: UserWarning: Environment variable TORCH_FORCE_NO_WEIGHTS_ONLY_LOAD detected, since the`weights_only` argument was not explicitly passed to `torch.load`, forcing weights_only=False.
  checkpoint = torch.load(path, map_location="cpu", weights_only=None)
/beegfs/home/m.persiyanov/codex_runs/tram-portfolio-20260926/tabpfn_deps/sklearn/preprocessing/_encoders.py:246: UserWarning: Found unknown categories in columns [4, 5] during transform. These unknown categories will be encoded as all zeros
  warnings.warn(
/beegfs/home/m.persiyanov/codex_runs/tram-portfolio-20260926/tabpfn_deps/sklearn/preprocessing/_encoders.py:246: UserWarning: Found unknown categories in columns [4, 5] during transform. These unknown categories will be encoded as all zeros
  warnings.warn(
/beegfs/home/m.persiyanov/codex_runs/tram-portfolio-20260926/tabpfn_deps/tabpfn/model/loading.py:651: UserWarning: Environment variable TORCH_FORCE_NO_WEIGHTS_ONLY_LOAD detected, since the`weights_only` argument was not explicitly passed to `torch.load`, forcing weights_only=False.
  checkpoint = torch.load(path, map_location="cpu", weights_only=None)
/beegfs/home/m.persiyanov/codex_runs/tram-portfolio-20260926/tabpfn_deps/tabpfn/model/loading.py:651: UserWarning: Environment variable TORCH_FORCE_NO_WEIGHTS_ONLY_LOAD detected, since the`weights_only` argument was not explicitly passed to `torch.load`, forcing weights_only=False.
  checkpoint = torch.load(path, map_location="cpu", weights_only=None)
/beegfs/home/m.persiyanov/codex_runs/tram-portfolio-20260926/tabpfn_deps/tabpfn/model/loading.py:651: UserWarning: Environment variable TORCH_FORCE_NO_WEIGHTS_ONLY_LOAD detected, since the`weights_only` argument was not explicitly passed to `torch.load`, forcing weights_only=False.
  checkpoint = torch.load(path, map_location="cpu", weights_only=None)
/beegfs/home/m.persiyanov/codex_runs/tram-portfolio-20260926/tabpfn_deps/tabpfn/model/loading.py:651: UserWarning: Environment variable TORCH_FORCE_NO_WEIGHTS_ONLY_LOAD detected, since the`weights_only` argument was not explicitly passed to `torch.load`, forcing weights_only=False.
  checkpoint = torch.load(path, map_location="cpu", weights_only=None)
/beegfs/home/m.persiyanov/codex_runs/tram-portfolio-20260926/tabpfn_deps/tabpfn/model/loading.py:651: UserWarning: Environment variable TORCH_FORCE_NO_WEIGHTS_ONLY_LOAD detected, since the`weights_only` argument was not explicitly passed to `torch.load`, forcing weights_only=False.
  checkpoint = torch.load(path, map_location="cpu", weights_only=None)
/beegfs/home/m.persiyanov/codex_runs/tram-portfolio-20260926/tabpfn_deps/tabpfn/model/loading.py:651: UserWarning: Environment variable TORCH_FORCE_NO_WEIGHTS_ONLY_LOAD detected, since the`weights_only` argument was not explicitly passed to `torch.load`, forcing weights_only=False.
  checkpoint = torch.load(path, map_location="cpu", weights_only=None)
[I 2026-09-27 10:35:28,910] Trial 1 finished with value: 0.884256124744043 and parameters: {'recipe': 'half'}. Best is trial 1 with value: 0.884256124744043.
[I 2026-09-27 10:35:29,561] Trial 2 finished with value: 0.8843784198264895 and parameters: {'recipe': 'full'}. Best is trial 2 with value: 0.8843784198264895.
/beegfs/home/m.persiyanov/codex_runs/tram-portfolio-20260926/tabpfn_deps/tabpfn/model/loading.py:651: UserWarning: Environment variable TORCH_FORCE_NO_WEIGHTS_ONLY_LOAD detected, since the`weights_only` argument was not explicitly passed to `torch.load`, forcing weights_only=False.
  checkpoint = torch.load(path, map_location="cpu", weights_only=None)
/beegfs/home/m.persiyanov/codex_runs/tram-portfolio-20260926/tabpfn_deps/tabpfn/model/loading.py:651: UserWarning: Environment variable TORCH_FORCE_NO_WEIGHTS_ONLY_LOAD detected, since the`weights_only` argument was not explicitly passed to `torch.load`, forcing weights_only=False.
  checkpoint = torch.load(path, map_location="cpu", weights_only=None)
/beegfs/home/m.persiyanov/codex_runs/tram-portfolio-20260926/tabpfn_deps/tabpfn/model/loading.py:651: UserWarning: Environment variable TORCH_FORCE_NO_WEIGHTS_ONLY_LOAD detected, since the`weights_only` argument was not explicitly passed to `torch.load`, forcing weights_only=False.
  checkpoint = torch.load(path, map_location="cpu", weights_only=None)
/beegfs/home/m.persiyanov/codex_runs/tram-portfolio-20260926/tabpfn_deps/tabpfn/model/loading.py:651: UserWarning: Environment variable TORCH_FORCE_NO_WEIGHTS_ONLY_LOAD detected, since the`weights_only` argument was not explicitly passed to `torch.load`, forcing weights_only=False.
  checkpoint = torch.load(path, map_location="cpu", weights_only=None)
/beegfs/home/m.persiyanov/codex_runs/tram-portfolio-20260926/tabpfn_deps/tabpfn/model/loading.py:651: UserWarning: Environment variable TORCH_FORCE_NO_WEIGHTS_ONLY_LOAD detected, since the`weights_only` argument was not explicitly passed to `torch.load`, forcing weights_only=False.
  checkpoint = torch.load(path, map_location="cpu", weights_only=None)
/beegfs/home/m.persiyanov/codex_runs/tram-portfolio-20260926/tabpfn_deps/tabpfn/model/loading.py:651: UserWarning: Environment variable TORCH_FORCE_NO_WEIGHTS_ONLY_LOAD detected, since the`weights_only` argument was not explicitly passed to `torch.load`, forcing weights_only=False.
  checkpoint = torch.load(path, map_location="cpu", weights_only=None)
/beegfs/home/m.persiyanov/codex_runs/tram-portfolio-20260926/tabpfn_deps/tabpfn/model/loading.py:651: UserWarning: Environment variable TORCH_FORCE_NO_WEIGHTS_ONLY_LOAD detected, since the`weights_only` argument was not explicitly passed to `torch.load`, forcing weights_only=False.
  checkpoint = torch.load(path, map_location="cpu", weights_only=None)
/beegfs/home/m.persiyanov/codex_runs/tram-portfolio-20260926/tabpfn_deps/tabpfn/model/loading.py:651: UserWarning: Environment variable TORCH_FORCE_NO_WEIGHTS_ONLY_LOAD detected, since the`weights_only` argument was not explicitly passed to `torch.load`, forcing weights_only=False.
  checkpoint = torch.load(path, map_location="cpu", weights_only=None)
/beegfs/home/m.persiyanov/codex_runs/tram-portfolio-20260926/tabpfn_deps/tabpfn/model/loading.py:651: UserWarning: Environment variable TORCH_FORCE_NO_WEIGHTS_ONLY_LOAD detected, since the`weights_only` argument was not explicitly passed to `torch.load`, forcing weights_only=False.
  checkpoint = torch.load(path, map_location="cpu", weights_only=None)
/beegfs/home/m.persiyanov/codex_runs/tram-portfolio-20260926/tabpfn_deps/tabpfn/model/loading.py:651: UserWarning: Environment variable TORCH_FORCE_NO_WEIGHTS_ONLY_LOAD detected, since the`weights_only` argument was not explicitly passed to `torch.load`, forcing weights_only=False.
  checkpoint = torch.load(path, map_location="cpu", weights_only=None)
/beegfs/home/m.persiyanov/codex_runs/tram-portfolio-20260926/tabpfn_deps/tabpfn/model/loading.py:651: UserWarning: Environment variable TORCH_FORCE_NO_WEIGHTS_ONLY_LOAD detected, since the`weights_only` argument was not explicitly passed to `torch.load`, forcing weights_only=False.
  checkpoint = torch.load(path, map_location="cpu", weights_only=None)
/beegfs/home/m.persiyanov/codex_runs/tram-portfolio-20260926/tabpfn_deps/tabpfn/model/loading.py:651: UserWarning: Environment variable TORCH_FORCE_NO_WEIGHTS_ONLY_LOAD detected, since the`weights_only` argument was not explicitly passed to `torch.load`, forcing weights_only=False.
  checkpoint = torch.load(path, map_location="cpu", weights_only=None)
/beegfs/home/m.persiyanov/codex_runs/tram-portfolio-20260926/tabpfn_deps/tabpfn/model/loading.py:651: UserWarning: Environment variable TORCH_FORCE_NO_WEIGHTS_ONLY_LOAD detected, since the`weights_only` argument was not explicitly passed to `torch.load`, forcing weights_only=False.
  checkpoint = torch.load(path, map_location="cpu", weights_only=None)
/beegfs/home/m.persiyanov/codex_runs/tram-portfolio-20260926/tabpfn_deps/tabpfn/model/loading.py:651: UserWarning: Environment variable TORCH_FORCE_NO_WEIGHTS_ONLY_LOAD detected, since the`weights_only` argument was not explicitly passed to `torch.load`, forcing weights_only=False.
  checkpoint = torch.load(path, map_location="cpu", weights_only=None)
/beegfs/home/m.persiyanov/codex_runs/tram-portfolio-20260926/tabpfn_deps/tabpfn/model/loading.py:651: UserWarning: Environment variable TORCH_FORCE_NO_WEIGHTS_ONLY_LOAD detected, since the`weights_only` argument was not explicitly passed to `torch.load`, forcing weights_only=False.
  checkpoint = torch.load(path, map_location="cpu", weights_only=None)
/beegfs/home/m.persiyanov/codex_runs/tram-portfolio-20260926/tabpfn_deps/tabpfn/model/loading.py:651: UserWarning: Environment variable TORCH_FORCE_NO_WEIGHTS_ONLY_LOAD detected, since the`weights_only` argument was not explicitly passed to `torch.load`, forcing weights_only=False.
  checkpoint = torch.load(path, map_location="cpu", weights_only=None)
/beegfs/home/m.persiyanov/codex_runs/tram-portfolio-20260926/tabpfn_deps/tabpfn/model/loading.py:651: UserWarning: Environment variable TORCH_FORCE_NO_WEIGHTS_ONLY_LOAD detected, since the`weights_only` argument was not explicitly passed to `torch.load`, forcing weights_only=False.
  checkpoint = torch.load(path, map_location="cpu", weights_only=None)
/beegfs/home/m.persiyanov/codex_runs/tram-portfolio-20260926/tabpfn_deps/tabpfn/model/loading.py:651: UserWarning: Environment variable TORCH_FORCE_NO_WEIGHTS_ONLY_LOAD detected, since the`weights_only` argument was not explicitly passed to `torch.load`, forcing weights_only=False.
  checkpoint = torch.load(path, map_location="cpu", weights_only=None)
adaptive_shape {'recipe': 'full'} [0.8848352287627952, 0.8839216108901837, 0.8859287816404261, 0.8995863855260148]
/beegfs/home/m.persiyanov/codex_runs/tram-portfolio-20260926/tabpfn_deps/tabpfn/model/loading.py:651: UserWarning: Environment variable TORCH_FORCE_NO_WEIGHTS_ONLY_LOAD detected, since the`weights_only` argument was not explicitly passed to `torch.load`, forcing weights_only=False.
  checkpoint = torch.load(path, map_location="cpu", weights_only=None)
/beegfs/home/m.persiyanov/codex_runs/tram-portfolio-20260926/tabpfn_deps/sklearn/preprocessing/_encoders.py:246: UserWarning: Found unknown categories in columns [4, 5] during transform. These unknown categories will be encoded as all zeros
  warnings.warn(
/beegfs/home/m.persiyanov/codex_runs/tram-portfolio-20260926/tabpfn_deps/sklearn/preprocessing/_encoders.py:246: UserWarning: Found unknown categories in columns [4, 5] during transform. These unknown categories will be encoded as all zeros
  warnings.warn(
/beegfs/home/m.persiyanov/codex_runs/tram-portfolio-20260926/tabpfn_deps/tabpfn/model/loading.py:651: UserWarning: Environment variable TORCH_FORCE_NO_WEIGHTS_ONLY_LOAD detected, since the`weights_only` argument was not explicitly passed to `torch.load`, forcing weights_only=False.
  checkpoint = torch.load(path, map_location="cpu", weights_only=None)
/beegfs/home/m.persiyanov/codex_runs/tram-portfolio-20260926/tabpfn_deps/sklearn/preprocessing/_encoders.py:246: UserWarning: Found unknown categories in columns [4, 5] during transform. These unknown categories will be encoded as all zeros
  warnings.warn(
/beegfs/home/m.persiyanov/codex_runs/tram-portfolio-20260926/tabpfn_deps/sklearn/preprocessing/_encoders.py:246: UserWarning: Found unknown categories in columns [4, 5] during transform. These unknown categories will be encoded as all zeros
  warnings.warn(
/beegfs/home/m.persiyanov/codex_runs/tram-portfolio-20260926/tabpfn_deps/tabpfn/model/loading.py:651: UserWarning: Environment variable TORCH_FORCE_NO_WEIGHTS_ONLY_LOAD detected, since the`weights_only` argument was not explicitly passed to `torch.load`, forcing weights_only=False.
  checkpoint = torch.load(path, map_location="cpu", weights_only=None)
/beegfs/home/m.persiyanov/codex_runs/tram-portfolio-20260926/tabpfn_deps/sklearn/preprocessing/_encoders.py:246: UserWarning: Found unknown categories in columns [4, 5] during transform. These unknown categories will be encoded as all zeros
  warnings.warn(
/beegfs/home/m.persiyanov/codex_runs/tram-portfolio-20260926/tabpfn_deps/sklearn/preprocessing/_encoders.py:246: UserWarning: Found unknown categories in columns [4, 5] during transform. These unknown categories will be encoded as all zeros
  warnings.warn(
/beegfs/home/m.persiyanov/codex_runs/tram-portfolio-20260926/tabpfn_deps/tabpfn/model/loading.py:651: UserWarning: Environment variable TORCH_FORCE_NO_WEIGHTS_ONLY_LOAD detected, since the`weights_only` argument was not explicitly passed to `torch.load`, forcing weights_only=False.
  checkpoint = torch.load(path, map_location="cpu", weights_only=None)
/beegfs/home/m.persiyanov/codex_runs/tram-portfolio-20260926/tabpfn_deps/sklearn/preprocessing/_encoders.py:246: UserWarning: Found unknown categories in columns [4, 5] during transform. These unknown categories will be encoded as all zeros
  warnings.warn(
/beegfs/home/m.persiyanov/codex_runs/tram-portfolio-20260926/tabpfn_deps/sklearn/preprocessing/_encoders.py:246: UserWarning: Found unknown categories in columns [4, 5] during transform. These unknown categories will be encoded as all zeros
  warnings.warn(
/beegfs/home/m.persiyanov/codex_runs/tram-portfolio-20260926/tabpfn_deps/tabpfn/model/loading.py:651: UserWarning: Environment variable TORCH_FORCE_NO_WEIGHTS_ONLY_LOAD detected, since the`weights_only` argument was not explicitly passed to `torch.load`, forcing weights_only=False.
  checkpoint = torch.load(path, map_location="cpu", weights_only=None)
/beegfs/home/m.persiyanov/codex_runs/tram-portfolio-20260926/tabpfn_deps/sklearn/preprocessing/_encoders.py:246: UserWarning: Found unknown categories in columns [4, 5] during transform. These unknown categories will be encoded as all zeros
  warnings.warn(
/beegfs/home/m.persiyanov/codex_runs/tram-portfolio-20260926/tabpfn_deps/sklearn/preprocessing/_encoders.py:246: UserWarning: Found unknown categories in columns [4, 5] during transform. These unknown categories will be encoded as all zeros
  warnings.warn(
/beegfs/home/m.persiyanov/codex_runs/tram-portfolio-20260926/tabpfn_deps/tabpfn/model/loading.py:651: UserWarning: Environment variable TORCH_FORCE_NO_WEIGHTS_ONLY_LOAD detected, since the`weights_only` argument was not explicitly passed to `torch.load`, forcing weights_only=False.
  checkpoint = torch.load(path, map_location="cpu", weights_only=None)
/beegfs/home/m.persiyanov/codex_runs/tram-portfolio-20260926/tabpfn_deps/sklearn/preprocessing/_encoders.py:246: UserWarning: Found unknown categories in columns [4, 5] during transform. These unknown categories will be encoded as all zeros
  warnings.warn(
/beegfs/home/m.persiyanov/codex_runs/tram-portfolio-20260926/tabpfn_deps/sklearn/preprocessing/_encoders.py:246: UserWarning: Found unknown categories in columns [4, 5] during transform. These unknown categories will be encoded as all zeros
  warnings.warn(
/beegfs/home/m.persiyanov/codex_runs/tram-portfolio-20260926/tabpfn_deps/tabpfn/model/loading.py:651: UserWarning: Environment variable TORCH_FORCE_NO_WEIGHTS_ONLY_LOAD detected, since the`weights_only` argument was not explicitly passed to `torch.load`, forcing weights_only=False.
  checkpoint = torch.load(path, map_location="cpu", weights_only=None)
/beegfs/home/m.persiyanov/codex_runs/tram-portfolio-20260926/tabpfn_deps/tabpfn/model/loading.py:651: UserWarning: Environment variable TORCH_FORCE_NO_WEIGHTS_ONLY_LOAD detected, since the`weights_only` argument was not explicitly passed to `torch.load`, forcing weights_only=False.
  checkpoint = torch.load(path, map_location="cpu", weights_only=None)
/beegfs/home/m.persiyanov/codex_runs/tram-portfolio-20260926/tabpfn_deps/tabpfn/model/loading.py:651: UserWarning: Environment variable TORCH_FORCE_NO_WEIGHTS_ONLY_LOAD detected, since the`weights_only` argument was not explicitly passed to `torch.load`, forcing weights_only=False.
  checkpoint = torch.load(path, map_location="cpu", weights_only=None)
/beegfs/home/m.persiyanov/codex_runs/tram-portfolio-20260926/tabpfn_deps/tabpfn/model/loading.py:651: UserWarning: Environment variable TORCH_FORCE_NO_WEIGHTS_ONLY_LOAD detected, since the`weights_only` argument was not explicitly passed to `torch.load`, forcing weights_only=False.
  checkpoint = torch.load(path, map_location="cpu", weights_only=None)
/beegfs/home/m.persiyanov/codex_runs/tram-portfolio-20260926/tabpfn_deps/tabpfn/model/loading.py:651: UserWarning: Environment variable TORCH_FORCE_NO_WEIGHTS_ONLY_LOAD detected, since the`weights_only` argument was not explicitly passed to `torch.load`, forcing weights_only=False.
  checkpoint = torch.load(path, map_location="cpu", weights_only=None)
/beegfs/home/m.persiyanov/codex_runs/tram-portfolio-20260926/tabpfn_deps/tabpfn/model/loading.py:651: UserWarning: Environment variable TORCH_FORCE_NO_WEIGHTS_ONLY_LOAD detected, since the`weights_only` argument was not explicitly passed to `torch.load`, forcing weights_only=False.
  checkpoint = torch.load(path, map_location="cpu", weights_only=None)
/beegfs/home/m.persiyanov/codex_runs/tram-portfolio-20260926/tabpfn_deps/tabpfn/model/loading.py:651: UserWarning: Environment variable TORCH_FORCE_NO_WEIGHTS_ONLY_LOAD detected, since the`weights_only` argument was not explicitly passed to `torch.load`, forcing weights_only=False.
  checkpoint = torch.load(path, map_location="cpu", weights_only=None)
/beegfs/home/m.persiyanov/codex_runs/tram-portfolio-20260926/tabpfn_deps/tabpfn/model/loading.py:651: UserWarning: Environment variable TORCH_FORCE_NO_WEIGHTS_ONLY_LOAD detected, since the`weights_only` argument was not explicitly passed to `torch.load`, forcing weights_only=False.
  checkpoint = torch.load(path, map_location="cpu", weights_only=None)
/beegfs/home/m.persiyanov/codex_runs/tram-portfolio-20260926/tabpfn_deps/tabpfn/model/loading.py:651: UserWarning: Environment variable TORCH_FORCE_NO_WEIGHTS_ONLY_LOAD detected, since the`weights_only` argument was not explicitly passed to `torch.load`, forcing weights_only=False.
  checkpoint = torch.load(path, map_location="cpu", weights_only=None)
/beegfs/home/m.persiyanov/codex_runs/tram-portfolio-20260926/tabpfn_deps/tabpfn/model/loading.py:651: UserWarning: Environment variable TORCH_FORCE_NO_WEIGHTS_ONLY_LOAD detected, since the`weights_only` argument was not explicitly passed to `torch.load`, forcing weights_only=False.
  checkpoint = torch.load(path, map_location="cpu", weights_only=None)
/beegfs/home/m.persiyanov/codex_runs/tram-portfolio-20260926/tabpfn_deps/tabpfn/model/loading.py:651: UserWarning: Environment variable TORCH_FORCE_NO_WEIGHTS_ONLY_LOAD detected, since the`weights_only` argument was not explicitly passed to `torch.load`, forcing weights_only=False.
  checkpoint = torch.load(path, map_location="cpu", weights_only=None)
/beegfs/home/m.persiyanov/codex_runs/tram-portfolio-20260926/tabpfn_deps/tabpfn/model/loading.py:651: UserWarning: Environment variable TORCH_FORCE_NO_WEIGHTS_ONLY_LOAD detected, since the`weights_only` argument was not explicitly passed to `torch.load`, forcing weights_only=False.
  checkpoint = torch.load(path, map_location="cpu", weights_only=None)
/beegfs/home/m.persiyanov/codex_runs/tram-portfolio-20260926/tabpfn_deps/tabpfn/model/loading.py:651: UserWarning: Environment variable TORCH_FORCE_NO_WEIGHTS_ONLY_LOAD detected, since the`weights_only` argument was not explicitly passed to `torch.load`, forcing weights_only=False.
  checkpoint = torch.load(path, map_location="cpu", weights_only=None)
/beegfs/home/m.persiyanov/codex_runs/tram-portfolio-20260926/tabpfn_deps/tabpfn/model/loading.py:651: UserWarning: Environment variable TORCH_FORCE_NO_WEIGHTS_ONLY_LOAD detected, since the`weights_only` argument was not explicitly passed to `torch.load`, forcing weights_only=False.
  checkpoint = torch.load(path, map_location="cpu", weights_only=None)
/beegfs/home/m.persiyanov/codex_runs/tram-portfolio-20260926/tabpfn_deps/tabpfn/model/loading.py:651: UserWarning: Environment variable TORCH_FORCE_NO_WEIGHTS_ONLY_LOAD detected, since the`weights_only` argument was not explicitly passed to `torch.load`, forcing weights_only=False.
  checkpoint = torch.load(path, map_location="cpu", weights_only=None)
/beegfs/home/m.persiyanov/codex_runs/tram-portfolio-20260926/tabpfn_deps/tabpfn/model/loading.py:651: UserWarning: Environment variable TORCH_FORCE_NO_WEIGHTS_ONLY_LOAD detected, since the`weights_only` argument was not explicitly passed to `torch.load`, forcing weights_only=False.
  checkpoint = torch.load(path, map_location="cpu", weights_only=None)
/beegfs/home/m.persiyanov/codex_runs/tram-portfolio-20260926/tabpfn_deps/tabpfn/model/loading.py:651: UserWarning: Environment variable TORCH_FORCE_NO_WEIGHTS_ONLY_LOAD detected, since the`weights_only` argument was not explicitly passed to `torch.load`, forcing weights_only=False.
  checkpoint = torch.load(path, map_location="cpu", weights_only=None)
/beegfs/home/m.persiyanov/codex_runs/tram-portfolio-20260926/tabpfn_deps/tabpfn/model/loading.py:651: UserWarning: Environment variable TORCH_FORCE_NO_WEIGHTS_ONLY_LOAD detected, since the`weights_only` argument was not explicitly passed to `torch.load`, forcing weights_only=False.
  checkpoint = torch.load(path, map_location="cpu", weights_only=None)
/beegfs/home/m.persiyanov/codex_runs/tram-portfolio-20260926/tabpfn_deps/tabpfn/model/loading.py:651: UserWarning: Environment variable TORCH_FORCE_NO_WEIGHTS_ONLY_LOAD detected, since the`weights_only` argument was not explicitly passed to `torch.load`, forcing weights_only=False.
  checkpoint = torch.load(path, map_location="cpu", weights_only=None)
/beegfs/home/m.persiyanov/codex_runs/tram-portfolio-20260926/tabpfn_deps/tabpfn/model/loading.py:651: UserWarning: Environment variable TORCH_FORCE_NO_WEIGHTS_ONLY_LOAD detected, since the`weights_only` argument was not explicitly passed to `torch.load`, forcing weights_only=False.
  checkpoint = torch.load(path, map_location="cpu", weights_only=None)
/beegfs/home/m.persiyanov/codex_runs/tram-portfolio-20260926/tabpfn_deps/tabpfn/model/loading.py:651: UserWarning: Environment variable TORCH_FORCE_NO_WEIGHTS_ONLY_LOAD detected, since the`weights_only` argument was not explicitly passed to `torch.load`, forcing weights_only=False.
  checkpoint = torch.load(path, map_location="cpu", weights_only=None)
/beegfs/home/m.persiyanov/codex_runs/tram-portfolio-20260926/tabpfn_deps/tabpfn/model/loading.py:651: UserWarning: Environment variable TORCH_FORCE_NO_WEIGHTS_ONLY_LOAD detected, since the`weights_only` argument was not explicitly passed to `torch.load`, forcing weights_only=False.
  checkpoint = torch.load(path, map_location="cpu", weights_only=None)
/beegfs/home/m.persiyanov/codex_runs/tram-portfolio-20260926/tabpfn_deps/tabpfn/model/loading.py:651: UserWarning: Environment variable TORCH_FORCE_NO_WEIGHTS_ONLY_LOAD detected, since the`weights_only` argument was not explicitly passed to `torch.load`, forcing weights_only=False.
  checkpoint = torch.load(path, map_location="cpu", weights_only=None)
/beegfs/home/m.persiyanov/codex_runs/tram-portfolio-20260926/tabpfn_deps/tabpfn/model/loading.py:651: UserWarning: Environment variable TORCH_FORCE_NO_WEIGHTS_ONLY_LOAD detected, since the`weights_only` argument was not explicitly passed to `torch.load`, forcing weights_only=False.
  checkpoint = torch.load(path, map_location="cpu", weights_only=None)
