Sat Sep 26 17:40:43 UTC 2026
Requirement already satisfied: torch==2.6.0+cu124 in /trinity/home/m.persiyanov/miniconda3/envs/py312/lib/python3.12/site-packages (2.6.0+cu124)
Requirement already satisfied: numpy==1.26.4 in /trinity/home/m.persiyanov/miniconda3/envs/py312/lib/python3.12/site-packages (1.26.4)
Collecting pandas==2.2.3
  Downloading pandas-2.2.3-cp312-cp312-manylinux_2_17_x86_64.manylinux2014_x86_64.whl.metadata (89 kB)
Collecting chronos-forecasting==2.3.2
  Downloading chronos_forecasting-2.3.2-py3-none-any.whl.metadata (24 kB)
Collecting transformers==4.57.6
  Downloading transformers-4.57.6-py3-none-any.whl.metadata (43 kB)
Requirement already satisfied: filelock in /trinity/home/m.persiyanov/.local/lib/python3.12/site-packages (from torch==2.6.0+cu124) (3.20.0)
Requirement already satisfied: typing-extensions>=4.10.0 in /trinity/home/m.persiyanov/.local/lib/python3.12/site-packages (from torch==2.6.0+cu124) (4.15.0)
Requirement already satisfied: networkx in /trinity/home/m.persiyanov/.local/lib/python3.12/site-packages (from torch==2.6.0+cu124) (3.6)
Requirement already satisfied: jinja2 in /trinity/home/m.persiyanov/.local/lib/python3.12/site-packages (from torch==2.6.0+cu124) (3.1.6)
Requirement already satisfied: fsspec in /trinity/home/m.persiyanov/.local/lib/python3.12/site-packages (from torch==2.6.0+cu124) (2025.3.0)
Requirement already satisfied: nvidia-cuda-nvrtc-cu12==12.4.127 in /trinity/home/m.persiyanov/miniconda3/envs/py312/lib/python3.12/site-packages (from torch==2.6.0+cu124) (12.4.127)
Requirement already satisfied: nvidia-cuda-runtime-cu12==12.4.127 in /trinity/home/m.persiyanov/miniconda3/envs/py312/lib/python3.12/site-packages (from torch==2.6.0+cu124) (12.4.127)
Requirement already satisfied: nvidia-cuda-cupti-cu12==12.4.127 in /trinity/home/m.persiyanov/miniconda3/envs/py312/lib/python3.12/site-packages (from torch==2.6.0+cu124) (12.4.127)
Requirement already satisfied: nvidia-cudnn-cu12==9.1.0.70 in /trinity/home/m.persiyanov/miniconda3/envs/py312/lib/python3.12/site-packages (from torch==2.6.0+cu124) (9.1.0.70)
Requirement already satisfied: nvidia-cublas-cu12==12.4.5.8 in /trinity/home/m.persiyanov/miniconda3/envs/py312/lib/python3.12/site-packages (from torch==2.6.0+cu124) (12.4.5.8)
Requirement already satisfied: nvidia-cufft-cu12==11.2.1.3 in /trinity/home/m.persiyanov/miniconda3/envs/py312/lib/python3.12/site-packages (from torch==2.6.0+cu124) (11.2.1.3)
Requirement already satisfied: nvidia-curand-cu12==10.3.5.147 in /trinity/home/m.persiyanov/miniconda3/envs/py312/lib/python3.12/site-packages (from torch==2.6.0+cu124) (10.3.5.147)
Requirement already satisfied: nvidia-cusolver-cu12==11.6.1.9 in /trinity/home/m.persiyanov/miniconda3/envs/py312/lib/python3.12/site-packages (from torch==2.6.0+cu124) (11.6.1.9)
Requirement already satisfied: nvidia-cusparse-cu12==12.3.1.170 in /trinity/home/m.persiyanov/miniconda3/envs/py312/lib/python3.12/site-packages (from torch==2.6.0+cu124) (12.3.1.170)
Requirement already satisfied: nvidia-cusparselt-cu12==0.6.2 in /trinity/home/m.persiyanov/miniconda3/envs/py312/lib/python3.12/site-packages (from torch==2.6.0+cu124) (0.6.2)
Requirement already satisfied: nvidia-nccl-cu12==2.21.5 in /trinity/home/m.persiyanov/miniconda3/envs/py312/lib/python3.12/site-packages (from torch==2.6.0+cu124) (2.21.5)
Requirement already satisfied: nvidia-nvtx-cu12==12.4.127 in /trinity/home/m.persiyanov/miniconda3/envs/py312/lib/python3.12/site-packages (from torch==2.6.0+cu124) (12.4.127)
Requirement already satisfied: nvidia-nvjitlink-cu12==12.4.127 in /trinity/home/m.persiyanov/miniconda3/envs/py312/lib/python3.12/site-packages (from torch==2.6.0+cu124) (12.4.127)
Requirement already satisfied: triton==3.2.0 in /trinity/home/m.persiyanov/miniconda3/envs/py312/lib/python3.12/site-packages (from torch==2.6.0+cu124) (3.2.0)
Requirement already satisfied: setuptools in /trinity/home/m.persiyanov/miniconda3/envs/py312/lib/python3.12/site-packages (from torch==2.6.0+cu124) (82.0.0)
Requirement already satisfied: sympy==1.13.1 in /trinity/home/m.persiyanov/miniconda3/envs/py312/lib/python3.12/site-packages (from torch==2.6.0+cu124) (1.13.1)
Requirement already satisfied: python-dateutil>=2.8.2 in /trinity/home/m.persiyanov/.local/lib/python3.12/site-packages (from pandas==2.2.3) (2.9.0.post0)
Requirement already satisfied: pytz>=2020.1 in /trinity/home/m.persiyanov/.local/lib/python3.12/site-packages (from pandas==2.2.3) (2025.2)
Requirement already satisfied: tzdata>=2022.7 in /trinity/home/m.persiyanov/.local/lib/python3.12/site-packages (from pandas==2.2.3) (2025.2)
Collecting accelerate<2,>=1.1.0 (from chronos-forecasting==2.3.2)
  Downloading accelerate-1.15.0-py3-none-any.whl.metadata (19 kB)
Collecting einops<1,>=0.7.0 (from chronos-forecasting==2.3.2)
  Downloading einops-0.8.2-py3-none-any.whl.metadata (13 kB)
Collecting huggingface-hub<1.0,>=0.34.0 (from transformers==4.57.6)
  Downloading huggingface_hub-0.36.2-py3-none-any.whl.metadata (15 kB)
Requirement already satisfied: packaging>=20.0 in /trinity/home/m.persiyanov/miniconda3/envs/py312/lib/python3.12/site-packages (from transformers==4.57.6) (26.0)
Requirement already satisfied: pyyaml>=5.1 in /trinity/home/m.persiyanov/.local/lib/python3.12/site-packages (from transformers==4.57.6) (6.0.3)
Requirement already satisfied: regex!=2019.12.17 in /trinity/home/m.persiyanov/.local/lib/python3.12/site-packages (from transformers==4.57.6) (2025.11.3)
Requirement already satisfied: requests in /trinity/home/m.persiyanov/miniconda3/envs/py312/lib/python3.12/site-packages (from transformers==4.57.6) (2.32.5)
Requirement already satisfied: tokenizers<=0.23.0,>=0.22.0 in /trinity/home/m.persiyanov/.local/lib/python3.12/site-packages (from transformers==4.57.6) (0.22.1)
Requirement already satisfied: safetensors>=0.4.3 in /trinity/home/m.persiyanov/.local/lib/python3.12/site-packages (from transformers==4.57.6) (0.7.0)
Requirement already satisfied: tqdm>=4.27 in /trinity/home/m.persiyanov/miniconda3/envs/py312/lib/python3.12/site-packages (from transformers==4.57.6) (4.67.3)
Requirement already satisfied: mpmath<1.4,>=1.1.0 in /trinity/home/m.persiyanov/.local/lib/python3.12/site-packages (from sympy==1.13.1->torch==2.6.0+cu124) (1.3.0)
Requirement already satisfied: psutil in /trinity/home/m.persiyanov/.local/lib/python3.12/site-packages (from accelerate<2,>=1.1.0->chronos-forecasting==2.3.2) (7.1.3)
Requirement already satisfied: hf-xet<2.0.0,>=1.1.3 in /trinity/home/m.persiyanov/.local/lib/python3.12/site-packages (from huggingface-hub<1.0,>=0.34.0->transformers==4.57.6) (1.2.0)
Requirement already satisfied: six>=1.5 in /trinity/home/m.persiyanov/.local/lib/python3.12/site-packages (from python-dateutil>=2.8.2->pandas==2.2.3) (1.17.0)
Requirement already satisfied: MarkupSafe>=2.0 in /trinity/home/m.persiyanov/.local/lib/python3.12/site-packages (from jinja2->torch==2.6.0+cu124) (3.0.3)
Requirement already satisfied: charset_normalizer<4,>=2 in /trinity/home/m.persiyanov/miniconda3/envs/py312/lib/python3.12/site-packages (from requests->transformers==4.57.6) (3.4.5)
Requirement already satisfied: idna<4,>=2.5 in /trinity/home/m.persiyanov/miniconda3/envs/py312/lib/python3.12/site-packages (from requests->transformers==4.57.6) (3.11)
Requirement already satisfied: urllib3<3,>=1.21.1 in /trinity/home/m.persiyanov/miniconda3/envs/py312/lib/python3.12/site-packages (from requests->transformers==4.57.6) (2.6.3)
Requirement already satisfied: certifi>=2017.4.17 in /trinity/home/m.persiyanov/miniconda3/envs/py312/lib/python3.12/site-packages (from requests->transformers==4.57.6) (2026.4.22)
Downloading pandas-2.2.3-cp312-cp312-manylinux_2_17_x86_64.manylinux2014_x86_64.whl (12.7 MB)
   ━━━━━━━━━━━━━━━━━━━━━━━━━━━━━━━━━━━━━━━━ 12.7/12.7 MB 39.6 MB/s eta 0:00:00
Downloading chronos_forecasting-2.3.2-py3-none-any.whl (80 kB)
Downloading transformers-4.57.6-py3-none-any.whl (12.0 MB)
   ━━━━━━━━━━━━━━━━━━━━━━━━━━━━━━━━━━━━━━━━ 12.0/12.0 MB 53.6 MB/s eta 0:00:00
Downloading accelerate-1.15.0-py3-none-any.whl (394 kB)
Downloading einops-0.8.2-py3-none-any.whl (65 kB)
Downloading huggingface_hub-0.36.2-py3-none-any.whl (566 kB)
   ━━━━━━━━━━━━━━━━━━━━━━━━━━━━━━━━━━━━━━━━ 566.4/566.4 kB 38.2 MB/s eta 0:00:00
Installing collected packages: einops, pandas, huggingface-hub, transformers, accelerate, chronos-forecasting
  Attempting uninstall: pandas
    Found existing installation: pandas 2.3.3
    Not uninstalling pandas at /beegfs/home/m.persiyanov/.local/lib/python3.12/site-packages, outside environment /beegfs/home/m.persiyanov/codex_runs/tram-chronos-20260926/.venv
    Can't uninstall 'pandas'. No files were found to uninstall.
ERROR: pip's dependency resolver does not currently take into account all the packages that are installed. This behaviour is the source of the following dependency conflicts.
lerobot 0.5.0 requires cmake<4.2.0,>=3.29.0.1, which is not installed.
lerobot 0.5.0 requires deepdiff<9.0.0,>=7.0.1, which is not installed.
lerobot 0.5.0 requires diffusers<0.36.0,>=0.27.2, which is not installed.
lerobot 0.5.0 requires draccus==0.10.0, which is not installed.
lerobot 0.5.0 requires gymnasium<2.0.0,>=1.1.1, which is not installed.
lerobot 0.5.0 requires imageio[ffmpeg]<3.0.0,>=2.34.0, which is not installed.
lerobot 0.5.0 requires jsonlines<5.0.0,>=4.0.0, which is not installed.
lerobot 0.5.0 requires pynput<1.9.0,>=1.7.8, which is not installed.
lerobot 0.5.0 requires pyserial<4.0,>=3.5, which is not installed.
lerobot 0.5.0 requires rerun-sdk<0.27.0,>=0.24.0, which is not installed.
lerobot 0.5.0 requires termcolor<4.0.0,>=2.4.0, which is not installed.
lerobot 0.5.0 requires torchcodec<0.11.0,>=0.2.1; sys_platform != "win32" and (sys_platform != "linux" or (platform_machine != "aarch64" and platform_machine != "arm64" and platform_machine != "armv7l")) and (sys_platform != "darwin" or platform_machine != "x86_64"), which is not installed.
lerobot 0.5.0 requires av<16.0.0,>=15.0.0, but you have av 17.0.1 which is incompatible.
lerobot 0.5.0 requires huggingface-hub<2.0.0,>=1.0.0, but you have huggingface-hub 0.36.2 which is incompatible.
lerobot 0.5.0 requires numpy<2.3.0,>=2.0.0, but you have numpy 1.26.4 which is incompatible.
lerobot 0.5.0 requires opencv-python-headless<4.13.0,>=4.9.0, but you have opencv-python-headless 4.13.0 which is incompatible.
lerobot 0.5.0 requires packaging<26.0,>=24.2, but you have packaging 26.0 which is incompatible.
lerobot 0.5.0 requires setuptools<81.0.0,>=71.0.0, but you have setuptools 82.0.0 which is incompatible.
lerobot 0.5.0 requires wandb<0.25.0,>=0.24.0, but you have wandb 0.23.0 which is incompatible.
Successfully installed accelerate-1.15.0 chronos-forecasting-2.3.2 einops-0.8.2 huggingface-hub-0.36.2 pandas-2.2.3 transformers-4.57.6
Checks passed: boundaries, success filter, route 5, rounding, WAPE, cutoff isolation.
Chronos adapter checks passed: cutoff isolation, grid, shares, control, zeros, rounding.
Fetching 2 files:   0%|          | 0/2 [00:00<?, ?it/s]Fetching 2 files:  50%|█████     | 1/2 [00:00<00:00,  3.52it/s]Fetching 2 files: 100%|██████████| 2/2 [00:13<00:00,  8.05s/it]Fetching 2 files: 100%|██████████| 2/2 [00:13<00:00,  6.88s/it]
./zhores_chronos.sbatch: line 37: 1028055 Segmentation fault      .venv/bin/python chronos_experiment.py --model-path model --output artifacts/results
srun: error: gn28: task 0: Exited with exit code 139
